// Jest Snapshot v1, https://goo.gl/fbAQLP

exports[`should render ExpenseListItem correctly 1`] = `
<p>
  <Link
    replace={false}
    to="/edit/1"
  >
    <span>
      <strong>
        Gum
      </strong>
    </span>
    <span>
      $1.95
    </span>
    <span>
      1969-12-31
    </span>
  </Link>
</p>
`;
