// Jest Snapshot v1, https://goo.gl/fbAQLP

exports[`should render Header correctly 1`] = `
<header>
  <div
    className="topSection"
  >
    <img
      alt="logo"
      className="App-logo"
      src="logo.svg"
    />
    <h1>
      Expensify
    </h1>
  </div>
  <p>
    <span>
      <NavLink
        activeClassName="is-active"
        exact={true}
        to="/dashboard"
      >
        Dashboard
      </NavLink>
    </span>
     
    <span>
      <NavLink
        activeClassName="is-active"
        to="/create"
      >
        Create Expense
      </NavLink>
    </span>
     
    <span>
      <NavLink
        activeClassName="is-active"
        to="/help"
      >
        Help 
      </NavLink>
    </span>
    <button
      onClick={[Function]}
    >
      Log out
    </button>
  </p>
</header>
`;
